lib/actions/getBoardData.ts(20,11): error TS2353: Object literal may only specify known properties, and 'statusJeu' does not exist in type 'PalmaresWhereInput'.
lib/actions/getBoardData.ts(23,11): error TS2353: Object literal may only specify known properties, and 'jeu' does not exist in type 'PalmaresInclude<DefaultArgs>'.
lib/actions/getBoardData.ts(49,12): error TS2339: Property 'palmares' does not exist on type '{ id: string; role: UserRole; langue: string | null; createdAt: Date; updatedAt: Date; clerkId: string; email: string; firstName: string; lastName: string; country: string | null; phone: string | null; }'.
lib/actions/getBoardData.ts(81,34): error TS2339: Property 'palmares' does not exist on type '{ id: string; role: UserRole; langue: string | null; createdAt: Date; updatedAt: Date; clerkId: string; email: string; firstName: string; lastName: string; country: string | null; phone: string | null; }'.
lib/actions/getBoardData.ts(101,44): error TS7006: Parameter 'd' implicitly has an 'any' type.
lib/actions/getGameSection.ts(17,20): error TS2353: Object literal may only specify known properties, and 'statusJeu' does not exist in type 'PalmaresWhereInput'.
lib/actions/getGameSection.ts(19,13): error TS2353: Object literal may only specify known properties, and 'section' does not exist in type 'PalmaresInclude<DefaultArgs>'.
lib/actions/getGameSection.ts(29,14): error TS2339: Property 'palmares' does not exist on type '{ id: string; role: UserRole; langue: string | null; createdAt: Date; updatedAt: Date; clerkId: string; email: string; firstName: string; lastName: string; country: string | null; phone: string | null; }'.
lib/actions/getGameSection.ts(30,36): error TS2339: Property 'boardIndex' does not exist on type '{ id: string; role: UserRole; langue: string | null; createdAt: Date; updatedAt: Date; clerkId: string; email: string; firstName: string; lastName: string; country: string | null; phone: string | null; }'.
lib/actions/getGameSection.ts(47,11): error TS2353: Object literal may only specify known properties, and 'jeuId' does not exist in type 'Without<PalmaresCreateInput, PalmaresUncheckedCreateInput> & PalmaresUncheckedCreateInput'.
lib/actions/getGameSection.ts(87,34): error TS2339: Property 'palmares' does not exist on type '{ id: string; role: UserRole; langue: string | null; createdAt: Date; updatedAt: Date; clerkId: string; email: string; firstName: string; lastName: string; country: string | null; phone: string | null; }'.
lib/actions/getSectionData.ts(16,7): error TS2353: Object literal may only specify known properties, and 'boardIndex' does not exist in type 'UserInclude<DefaultArgs>'.
lib/actions/getSectionData.ts(26,12): error TS2339: Property 'palmares' does not exist on type '{ id: string; role: UserRole; langue: string | null; createdAt: Date; updatedAt: Date; clerkId: string; email: string; firstName: string; lastName: string; country: string | null; phone: string | null; }'.
lib/actions/getSectionData.ts(27,34): error TS2339: Property 'boardIndex' does not exist on type '{ id: string; role: UserRole; langue: string | null; createdAt: Date; updatedAt: Date; clerkId: string; email: string; firstName: string; lastName: string; country: string | null; phone: string | null; }'.
lib/actions/getUserData.ts(16,13): error TS2353: Object literal may only specify known properties, and 'jeu' does not exist in type 'PalmaresInclude<DefaultArgs>'.
lib/actions/getUserData.ts(43,9): error TS2353: Object literal may only specify known properties, and 'isFinished' does not exist in type 'PalmaresWhereInput'.
lib/actions/getUserData.ts(46,9): error TS2353: Object literal may only specify known properties, and 'jeu' does not exist in type 'PalmaresInclude<DefaultArgs>'.
lib/actions/onboarding.ts(90,11): error TS2353: Object literal may only specify known properties, and 'stageId' does not exist in type 'Without<PalmaresCreateInput, PalmaresUncheckedCreateInput> & PalmaresUncheckedCreateInput'.
scripts/delete-all-users.ts(14,40): error TS2339: Property 'boardIndex' does not exist on type 'Omit<PrismaClient<PrismaClientOptions, never, DefaultArgs>, "$connect" | "$disconnect" | "$on" | "$transaction" | "$extends">'.
